app/cadastro/page.tsx(248,42): error TS2345: Argument of type '{ logo_url: string; nome_fantasia: string; razao_social: string; cnpj: string; setor_economico: string; setor_empresa: string; segmento: string | undefined; tema_segmento: string | undefined; ... 10 more ...; status: string; }' is not assignable to parameter of type 'Omit<Empresa, "status" | "arquivos" | "id" | "created_at" | "updated_at" | "produtos" | "perfil_empresa">'.
  Property 'relacionadas' is missing in type '{ logo_url: string; nome_fantasia: string; razao_social: string; cnpj: string; setor_economico: string; setor_empresa: string; segmento: string | undefined; tema_segmento: string | undefined; ... 10 more ...; status: string; }' but required in type 'Omit<Empresa, "status" | "arquivos" | "id" | "created_at" | "updated_at" | "produtos" | "perfil_empresa">'.
components/auth-guard.tsx(7,3): error TS7031: Binding element 'children' implicitly has an 'any' type.
components/auth-guard.tsx(10,3): error TS7031: Binding element 'isLoggedIn' implicitly has an 'any' type.
components/auth-guard.tsx(11,3): error TS7031: Binding element 'isAdmin' implicitly has an 'any' type.
components/company-info-card.tsx(71,7): error TS2353: Object literal may only specify known properties, and 'status' does not exist in type 'AsyncDefaultValues<{ nome_fantasia: string; razao_social: string; cnpj: string; setor_economico: string; setor_empresa: string; municipio: string; apresentacao?: string | undefined; logo_url?: string | undefined; ... 7 more ...; video_apresentacao?: string | undefined; }> | { ...; }'.
components/company-info-card.tsx(95,9): error TS2353: Object literal may only specify known properties, and 'status' does not exist in type '{ nome_fantasia: string; razao_social: string; cnpj: string; setor_economico: string; setor_empresa: string; municipio: string; apresentacao?: string | undefined; logo_url?: string | undefined; ... 7 more ...; video_apresentacao?: string | undefined; } | { ...; } | ResetAction<...>'.
components/company-info-card.tsx(174,58): error TS2345: Argument of type '(values: z.infer<typeof formSchema>) => Promise<void>' is not assignable to parameter of type 'SubmitHandler<TFieldValues>'.
  Types of parameters 'values' and 'data' are incompatible.
    Type 'TFieldValues' is not assignable to type '{ nome_fantasia: string; razao_social: string; cnpj: string; setor_economico: string; setor_empresa: string; municipio: string; apresentacao?: string | undefined; logo_url?: string | undefined; ... 7 more ...; video_apresentacao?: string | undefined; }'.
      Type 'FieldValues' is missing the following properties from type '{ nome_fantasia: string; razao_social: string; cnpj: string; setor_economico: string; setor_empresa: string; municipio: string; apresentacao?: string | undefined; logo_url?: string | undefined; ... 7 more ...; video_apresentacao?: string | undefined; }': nome_fantasia, razao_social, cnpj, setor_economico, and 2 more.
components/company-info-card.tsx(183,45): error TS2345: Argument of type '(values: z.infer<typeof formSchema>) => Promise<void>' is not assignable to parameter of type 'SubmitHandler<TFieldValues>'.
  Types of parameters 'values' and 'data' are incompatible.
    Type 'TFieldValues' is not assignable to type '{ nome_fantasia: string; razao_social: string; cnpj: string; setor_economico: string; setor_empresa: string; municipio: string; apresentacao?: string | undefined; logo_url?: string | undefined; ... 7 more ...; video_apresentacao?: string | undefined; }'.
      Type 'FieldValues' is missing the following properties from type '{ nome_fantasia: string; razao_social: string; cnpj: string; setor_economico: string; setor_empresa: string; municipio: string; apresentacao?: string | undefined; logo_url?: string | undefined; ... 7 more ...; video_apresentacao?: string | undefined; }': nome_fantasia, razao_social, cnpj, setor_economico, and 2 more.
components/company-info-card.tsx(185,15): error TS2322: Type 'Control<{ nome_fantasia: string; razao_social: string; cnpj: string; setor_economico: string; setor_empresa: string; municipio: string; apresentacao?: string | undefined; logo_url?: string | undefined; ... 7 more ...; video_apresentacao?: string | undefined; }, any, TFieldValues>' is not assignable to type 'Control<{ nome_fantasia: string; razao_social: string; cnpj: string; setor_economico: string; setor_empresa: string; municipio: string; apresentacao?: string | undefined; logo_url?: string | undefined; ... 7 more ...; video_apresentacao?: string | undefined; }, any, { ...; }>'.
  The types of '_options.resolver' are incompatible between these types.
    Type 'Resolver<{ nome_fantasia: string; razao_social: string; cnpj: string; setor_economico: string; setor_empresa: string; municipio: string; apresentacao?: string | undefined; logo_url?: string | undefined; ... 7 more ...; video_apresentacao?: string | undefined; }, any, TFieldValues> | undefined' is not assignable to type 'Resolver<{ nome_fantasia: string; razao_social: string; cnpj: string; setor_economico: string; setor_empresa: string; municipio: string; apresentacao?: string | undefined; logo_url?: string | undefined; ... 7 more ...; video_apresentacao?: string | undefined; }, any, { ...; }> | undefined'.
      Type 'Resolver<{ nome_fantasia: string; razao_social: string; cnpj: string; setor_economico: string; setor_empresa: string; municipio: string; apresentacao?: string | undefined; logo_url?: string | undefined; ... 7 more ...; video_apresentacao?: string | undefined; }, any, TFieldValues>' is not assignable to type 'Resolver<{ nome_fantasia: string; razao_social: string; cnpj: string; setor_economico: string; setor_empresa: string; municipio: string; apresentacao?: string | undefined; logo_url?: string | undefined; ... 7 more ...; video_apresentacao?: string | undefined; }, any, { ...; }>'.
        Type 'TFieldValues' is not assignable to type '{ nome_fantasia: string; razao_social: string; cnpj: string; setor_economico: string; setor_empresa: string; municipio: string; apresentacao?: string | undefined; logo_url?: string | undefined; ... 7 more ...; video_apresentacao?: string | undefined; }'.
          Type 'FieldValues' is missing the following properties from type '{ nome_fantasia: string; razao_social: string; cnpj: string; setor_economico: string; setor_empresa: string; municipio: string; apresentacao?: string | undefined; logo_url?: string | undefined; ... 7 more ...; video_apresentacao?: string | undefined; }': nome_fantasia, razao_social, cnpj, setor_economico, and 2 more.
components/company-info-card.tsx(202,15): error TS2322: Type 'Control<{ nome_fantasia: string; razao_social: string; cnpj: string; setor_economico: string; setor_empresa: string; municipio: string; apresentacao?: string | undefined; logo_url?: string | undefined; ... 7 more ...; video_apresentacao?: string | undefined; }, any, TFieldValues>' is not assignable to type 'Control<{ nome_fantasia: string; razao_social: string; cnpj: string; setor_economico: string; setor_empresa: string; municipio: string; apresentacao?: string | undefined; logo_url?: string | undefined; ... 7 more ...; video_apresentacao?: string | undefined; }, any, { ...; }>'.
  The types of '_options.resolver' are incompatible between these types.
    Type 'Resolver<{ nome_fantasia: string; razao_social: string; cnpj: string; setor_economico: string; setor_empresa: string; municipio: string; apresentacao?: string | undefined; logo_url?: string | undefined; ... 7 more ...; video_apresentacao?: string | undefined; }, any, TFieldValues> | undefined' is not assignable to type 'Resolver<{ nome_fantasia: string; razao_social: string; cnpj: string; setor_economico: string; setor_empresa: string; municipio: string; apresentacao?: string | undefined; logo_url?: string | undefined; ... 7 more ...; video_apresentacao?: string | undefined; }, any, { ...; }> | undefined'.
      Type 'Resolver<{ nome_fantasia: string; razao_social: string; cnpj: string; setor_economico: string; setor_empresa: string; municipio: string; apresentacao?: string | undefined; logo_url?: string | undefined; ... 7 more ...; video_apresentacao?: string | undefined; }, any, TFieldValues>' is not assignable to type 'Resolver<{ nome_fantasia: string; razao_social: string; cnpj: string; setor_economico: string; setor_empresa: string; municipio: string; apresentacao?: string | undefined; logo_url?: string | undefined; ... 7 more ...; video_apresentacao?: string | undefined; }, any, { ...; }>'.
        Type 'TFieldValues' is not assignable to type '{ nome_fantasia: string; razao_social: string; cnpj: string; setor_economico: string; setor_empresa: string; municipio: string; apresentacao?: string | undefined; logo_url?: string | undefined; ... 7 more ...; video_apresentacao?: string | undefined; }'.
          Type 'FieldValues' is missing the following properties from type '{ nome_fantasia: string; razao_social: string; cnpj: string; setor_economico: string; setor_empresa: string; municipio: string; apresentacao?: string | undefined; logo_url?: string | undefined; ... 7 more ...; video_apresentacao?: string | undefined; }': nome_fantasia, razao_social, cnpj, setor_economico, and 2 more.
components/company-info-card.tsx(219,15): error TS2322: Type 'Control<{ nome_fantasia: string; razao_social: string; cnpj: string; setor_economico: string; setor_empresa: string; municipio: string; apresentacao?: string | undefined; logo_url?: string | undefined; ... 7 more ...; video_apresentacao?: string | undefined; }, any, TFieldValues>' is not assignable to type 'Control<{ nome_fantasia: string; razao_social: string; cnpj: string; setor_economico: string; setor_empresa: string; municipio: string; apresentacao?: string | undefined; logo_url?: string | undefined; ... 7 more ...; video_apresentacao?: string | undefined; }, any, { ...; }>'.
  The types of '_options.resolver' are incompatible between these types.
    Type 'Resolver<{ nome_fantasia: string; razao_social: string; cnpj: string; setor_economico: string; setor_empresa: string; municipio: string; apresentacao?: string | undefined; logo_url?: string | undefined; ... 7 more ...; video_apresentacao?: string | undefined; }, any, TFieldValues> | undefined' is not assignable to type 'Resolver<{ nome_fantasia: string; razao_social: string; cnpj: string; setor_economico: string; setor_empresa: string; municipio: string; apresentacao?: string | undefined; logo_url?: string | undefined; ... 7 more ...; video_apresentacao?: string | undefined; }, any, { ...; }> | undefined'.
      Type 'Resolver<{ nome_fantasia: string; razao_social: string; cnpj: string; setor_economico: string; setor_empresa: string; municipio: string; apresentacao?: string | undefined; logo_url?: string | undefined; ... 7 more ...; video_apresentacao?: string | undefined; }, any, TFieldValues>' is not assignable to type 'Resolver<{ nome_fantasia: string; razao_social: string; cnpj: string; setor_economico: string; setor_empresa: string; municipio: string; apresentacao?: string | undefined; logo_url?: string | undefined; ... 7 more ...; video_apresentacao?: string | undefined; }, any, { ...; }>'.
        Type 'TFieldValues' is not assignable to type '{ nome_fantasia: string; razao_social: string; cnpj: string; setor_economico: string; setor_empresa: string; municipio: string; apresentacao?: string | undefined; logo_url?: string | undefined; ... 7 more ...; video_apresentacao?: string | undefined; }'.
          Type 'FieldValues' is missing the following properties from type '{ nome_fantasia: string; razao_social: string; cnpj: string; setor_economico: string; setor_empresa: string; municipio: string; apresentacao?: string | undefined; logo_url?: string | undefined; ... 7 more ...; video_apresentacao?: string | undefined; }': nome_fantasia, razao_social, cnpj, setor_economico, and 2 more.
components/company-info-card.tsx(241,15): error TS2322: Type 'Control<{ nome_fantasia: string; razao_social: string; cnpj: string; setor_economico: string; setor_empresa: string; municipio: string; apresentacao?: string | undefined; logo_url?: string | undefined; ... 7 more ...; video_apresentacao?: string | undefined; }, any, TFieldValues>' is not assignable to type 'Control<{ nome_fantasia: string; razao_social: string; cnpj: string; setor_economico: string; setor_empresa: string; municipio: string; apresentacao?: string | undefined; logo_url?: string | undefined; ... 7 more ...; video_apresentacao?: string | undefined; }, any, { ...; }>'.
  The types of '_options.resolver' are incompatible between these types.
    Type 'Resolver<{ nome_fantasia: string; razao_social: string; cnpj: string; setor_economico: string; setor_empresa: string; municipio: string; apresentacao?: string | undefined; logo_url?: string | undefined; ... 7 more ...; video_apresentacao?: string | undefined; }, any, TFieldValues> | undefined' is not assignable to type 'Resolver<{ nome_fantasia: string; razao_social: string; cnpj: string; setor_economico: string; setor_empresa: string; municipio: string; apresentacao?: string | undefined; logo_url?: string | undefined; ... 7 more ...; video_apresentacao?: string | undefined; }, any, { ...; }> | undefined'.
      Type 'Resolver<{ nome_fantasia: string; razao_social: string; cnpj: string; setor_economico: string; setor_empresa: string; municipio: string; apresentacao?: string | undefined; logo_url?: string | undefined; ... 7 more ...; video_apresentacao?: string | undefined; }, any, TFieldValues>' is not assignable to type 'Resolver<{ nome_fantasia: string; razao_social: string; cnpj: string; setor_economico: string; setor_empresa: string; municipio: string; apresentacao?: string | undefined; logo_url?: string | undefined; ... 7 more ...; video_apresentacao?: string | undefined; }, any, { ...; }>'.
        Type 'TFieldValues' is not assignable to type '{ nome_fantasia: string; razao_social: string; cnpj: string; setor_economico: string; setor_empresa: string; municipio: string; apresentacao?: string | undefined; logo_url?: string | undefined; ... 7 more ...; video_apresentacao?: string | undefined; }'.
          Type 'FieldValues' is missing the following properties from type '{ nome_fantasia: string; razao_social: string; cnpj: string; setor_economico: string; setor_empresa: string; municipio: string; apresentacao?: string | undefined; logo_url?: string | undefined; ... 7 more ...; video_apresentacao?: string | undefined; }': nome_fantasia, razao_social, cnpj, setor_economico, and 2 more.
components/company-info-card.tsx(268,15): error TS2322: Type 'Control<{ nome_fantasia: string; razao_social: string; cnpj: string; setor_economico: string; setor_empresa: string; municipio: string; apresentacao?: string | undefined; logo_url?: string | undefined; ... 7 more ...; video_apresentacao?: string | undefined; }, any, TFieldValues>' is not assignable to type 'Control<{ nome_fantasia: string; razao_social: string; cnpj: string; setor_economico: string; setor_empresa: string; municipio: string; apresentacao?: string | undefined; logo_url?: string | undefined; ... 7 more ...; video_apresentacao?: string | undefined; }, any, { ...; }>'.
  The types of '_options.resolver' are incompatible between these types.
    Type 'Resolver<{ nome_fantasia: string; razao_social: string; cnpj: string; setor_economico: string; setor_empresa: string; municipio: string; apresentacao?: string | undefined; logo_url?: string | undefined; ... 7 more ...; video_apresentacao?: string | undefined; }, any, TFieldValues> | undefined' is not assignable to type 'Resolver<{ nome_fantasia: string; razao_social: string; cnpj: string; setor_economico: string; setor_empresa: string; municipio: string; apresentacao?: string | undefined; logo_url?: string | undefined; ... 7 more ...; video_apresentacao?: string | undefined; }, any, { ...; }> | undefined'.
      Type 'Resolver<{ nome_fantasia: string; razao_social: string; cnpj: string; setor_economico: string; setor_empresa: string; municipio: string; apresentacao?: string | undefined; logo_url?: string | undefined; ... 7 more ...; video_apresentacao?: string | undefined; }, any, TFieldValues>' is not assignable to type 'Resolver<{ nome_fantasia: string; razao_social: string; cnpj: string; setor_economico: string; setor_empresa: string; municipio: string; apresentacao?: string | undefined; logo_url?: string | undefined; ... 7 more ...; video_apresentacao?: string | undefined; }, any, { ...; }>'.
        Type 'TFieldValues' is not assignable to type '{ nome_fantasia: string; razao_social: string; cnpj: string; setor_economico: string; setor_empresa: string; municipio: string; apresentacao?: string | undefined; logo_url?: string | undefined; ... 7 more ...; video_apresentacao?: string | undefined; }'.
          Type 'FieldValues' is missing the following properties from type '{ nome_fantasia: string; razao_social: string; cnpj: string; setor_economico: string; setor_empresa: string; municipio: string; apresentacao?: string | undefined; logo_url?: string | undefined; ... 7 more ...; video_apresentacao?: string | undefined; }': nome_fantasia, razao_social, cnpj, setor_economico, and 2 more.
components/company-info-card.tsx(296,15): error TS2322: Type 'Control<{ nome_fantasia: string; razao_social: string; cnpj: string; setor_economico: string; setor_empresa: string; municipio: string; apresentacao?: string | undefined; logo_url?: string | undefined; ... 7 more ...; video_apresentacao?: string | undefined; }, any, TFieldValues>' is not assignable to type 'Control<{ nome_fantasia: string; razao_social: string; cnpj: string; setor_economico: string; setor_empresa: string; municipio: string; apresentacao?: string | undefined; logo_url?: string | undefined; ... 7 more ...; video_apresentacao?: string | undefined; }, any, { ...; }>'.
  The types of '_options.resolver' are incompatible between these types.
    Type 'Resolver<{ nome_fantasia: string; razao_social: string; cnpj: string; setor_economico: string; setor_empresa: string; municipio: string; apresentacao?: string | undefined; logo_url?: string | undefined; ... 7 more ...; video_apresentacao?: string | undefined; }, any, TFieldValues> | undefined' is not assignable to type 'Resolver<{ nome_fantasia: string; razao_social: string; cnpj: string; setor_economico: string; setor_empresa: string; municipio: string; apresentacao?: string | undefined; logo_url?: string | undefined; ... 7 more ...; video_apresentacao?: string | undefined; }, any, { ...; }> | undefined'.
      Type 'Resolver<{ nome_fantasia: string; razao_social: string; cnpj: string; setor_economico: string; setor_empresa: string; municipio: string; apresentacao?: string | undefined; logo_url?: string | undefined; ... 7 more ...; video_apresentacao?: string | undefined; }, any, TFieldValues>' is not assignable to type 'Resolver<{ nome_fantasia: string; razao_social: string; cnpj: string; setor_economico: string; setor_empresa: string; municipio: string; apresentacao?: string | undefined; logo_url?: string | undefined; ... 7 more ...; video_apresentacao?: string | undefined; }, any, { ...; }>'.
        Type 'TFieldValues' is not assignable to type '{ nome_fantasia: string; razao_social: string; cnpj: string; setor_economico: string; setor_empresa: string; municipio: string; apresentacao?: string | undefined; logo_url?: string | undefined; ... 7 more ...; video_apresentacao?: string | undefined; }'.
          Type 'FieldValues' is missing the following properties from type '{ nome_fantasia: string; razao_social: string; cnpj: string; setor_economico: string; setor_empresa: string; municipio: string; apresentacao?: string | undefined; logo_url?: string | undefined; ... 7 more ...; video_apresentacao?: string | undefined; }': nome_fantasia, razao_social, cnpj, setor_economico, and 2 more.
components/company-info-card.tsx(313,15): error TS2322: Type 'Control<{ nome_fantasia: string; razao_social: string; cnpj: string; setor_economico: string; setor_empresa: string; municipio: string; apresentacao?: string | undefined; logo_url?: string | undefined; ... 7 more ...; video_apresentacao?: string | undefined; }, any, TFieldValues>' is not assignable to type 'Control<{ nome_fantasia: string; razao_social: string; cnpj: string; setor_economico: string; setor_empresa: string; municipio: string; apresentacao?: string | undefined; logo_url?: string | undefined; ... 7 more ...; video_apresentacao?: string | undefined; }, any, { ...; }>'.
  The types of '_options.resolver' are incompatible between these types.
    Type 'Resolver<{ nome_fantasia: string; razao_social: string; cnpj: string; setor_economico: string; setor_empresa: string; municipio: string; apresentacao?: string | undefined; logo_url?: string | undefined; ... 7 more ...; video_apresentacao?: string | undefined; }, any, TFieldValues> | undefined' is not assignable to type 'Resolver<{ nome_fantasia: string; razao_social: string; cnpj: string; setor_economico: string; setor_empresa: string; municipio: string; apresentacao?: string | undefined; logo_url?: string | undefined; ... 7 more ...; video_apresentacao?: string | undefined; }, any, { ...; }> | undefined'.
      Type 'Resolver<{ nome_fantasia: string; razao_social: string; cnpj: string; setor_economico: string; setor_empresa: string; municipio: string; apresentacao?: string | undefined; logo_url?: string | undefined; ... 7 more ...; video_apresentacao?: string | undefined; }, any, TFieldValues>' is not assignable to type 'Resolver<{ nome_fantasia: string; razao_social: string; cnpj: string; setor_economico: string; setor_empresa: string; municipio: string; apresentacao?: string | undefined; logo_url?: string | undefined; ... 7 more ...; video_apresentacao?: string | undefined; }, any, { ...; }>'.
        Type 'TFieldValues' is not assignable to type '{ nome_fantasia: string; razao_social: string; cnpj: string; setor_economico: string; setor_empresa: string; municipio: string; apresentacao?: string | undefined; logo_url?: string | undefined; ... 7 more ...; video_apresentacao?: string | undefined; }'.
          Type 'FieldValues' is missing the following properties from type '{ nome_fantasia: string; razao_social: string; cnpj: string; setor_economico: string; setor_empresa: string; municipio: string; apresentacao?: string | undefined; logo_url?: string | undefined; ... 7 more ...; video_apresentacao?: string | undefined; }': nome_fantasia, razao_social, cnpj, setor_economico, and 2 more.
components/company-info-card.tsx(330,15): error TS2322: Type 'Control<{ nome_fantasia: string; razao_social: string; cnpj: string; setor_economico: string; setor_empresa: string; municipio: string; apresentacao?: string | undefined; logo_url?: string | undefined; ... 7 more ...; video_apresentacao?: string | undefined; }, any, TFieldValues>' is not assignable to type 'Control<{ nome_fantasia: string; razao_social: string; cnpj: string; setor_economico: string; setor_empresa: string; municipio: string; apresentacao?: string | undefined; logo_url?: string | undefined; ... 7 more ...; video_apresentacao?: string | undefined; }, any, { ...; }>'.
  The types of '_options.resolver' are incompatible between these types.
    Type 'Resolver<{ nome_fantasia: string; razao_social: string; cnpj: string; setor_economico: string; setor_empresa: string; municipio: string; apresentacao?: string | undefined; logo_url?: string | undefined; ... 7 more ...; video_apresentacao?: string | undefined; }, any, TFieldValues> | undefined' is not assignable to type 'Resolver<{ nome_fantasia: string; razao_social: string; cnpj: string; setor_economico: string; setor_empresa: string; municipio: string; apresentacao?: string | undefined; logo_url?: string | undefined; ... 7 more ...; video_apresentacao?: string | undefined; }, any, { ...; }> | undefined'.
      Type 'Resolver<{ nome_fantasia: string; razao_social: string; cnpj: string; setor_economico: string; setor_empresa: string; municipio: string; apresentacao?: string | undefined; logo_url?: string | undefined; ... 7 more ...; video_apresentacao?: string | undefined; }, any, TFieldValues>' is not assignable to type 'Resolver<{ nome_fantasia: string; razao_social: string; cnpj: string; setor_economico: string; setor_empresa: string; municipio: string; apresentacao?: string | undefined; logo_url?: string | undefined; ... 7 more ...; video_apresentacao?: string | undefined; }, any, { ...; }>'.
        Type 'TFieldValues' is not assignable to type '{ nome_fantasia: string; razao_social: string; cnpj: string; setor_economico: string; setor_empresa: string; municipio: string; apresentacao?: string | undefined; logo_url?: string | undefined; ... 7 more ...; video_apresentacao?: string | undefined; }'.
          Type 'FieldValues' is missing the following properties from type '{ nome_fantasia: string; razao_social: string; cnpj: string; setor_economico: string; setor_empresa: string; municipio: string; apresentacao?: string | undefined; logo_url?: string | undefined; ... 7 more ...; video_apresentacao?: string | undefined; }': nome_fantasia, razao_social, cnpj, setor_economico, and 2 more.
components/company-info-card.tsx(395,15): error TS2322: Type 'Control<{ nome_fantasia: string; razao_social: string; cnpj: string; setor_economico: string; setor_empresa: string; municipio: string; apresentacao?: string | undefined; logo_url?: string | undefined; ... 7 more ...; video_apresentacao?: string | undefined; }, any, TFieldValues>' is not assignable to type 'Control<{ nome_fantasia: string; razao_social: string; cnpj: string; setor_economico: string; setor_empresa: string; municipio: string; apresentacao?: string | undefined; logo_url?: string | undefined; ... 7 more ...; video_apresentacao?: string | undefined; }, any, { ...; }>'.
  The types of '_options.resolver' are incompatible between these types.
    Type 'Resolver<{ nome_fantasia: string; razao_social: string; cnpj: string; setor_economico: string; setor_empresa: string; municipio: string; apresentacao?: string | undefined; logo_url?: string | undefined; ... 7 more ...; video_apresentacao?: string | undefined; }, any, TFieldValues> | undefined' is not assignable to type 'Resolver<{ nome_fantasia: string; razao_social: string; cnpj: string; setor_economico: string; setor_empresa: string; municipio: string; apresentacao?: string | undefined; logo_url?: string | undefined; ... 7 more ...; video_apresentacao?: string | undefined; }, any, { ...; }> | undefined'.
      Type 'Resolver<{ nome_fantasia: string; razao_social: string; cnpj: string; setor_economico: string; setor_empresa: string; municipio: string; apresentacao?: string | undefined; logo_url?: string | undefined; ... 7 more ...; video_apresentacao?: string | undefined; }, any, TFieldValues>' is not assignable to type 'Resolver<{ nome_fantasia: string; razao_social: string; cnpj: string; setor_economico: string; setor_empresa: string; municipio: string; apresentacao?: string | undefined; logo_url?: string | undefined; ... 7 more ...; video_apresentacao?: string | undefined; }, any, { ...; }>'.
        Type 'TFieldValues' is not assignable to type '{ nome_fantasia: string; razao_social: string; cnpj: string; setor_economico: string; setor_empresa: string; municipio: string; apresentacao?: string | undefined; logo_url?: string | undefined; ... 7 more ...; video_apresentacao?: string | undefined; }'.
          Type 'FieldValues' is missing the following properties from type '{ nome_fantasia: string; razao_social: string; cnpj: string; setor_economico: string; setor_empresa: string; municipio: string; apresentacao?: string | undefined; logo_url?: string | undefined; ... 7 more ...; video_apresentacao?: string | undefined; }': nome_fantasia, razao_social, cnpj, setor_economico, and 2 more.
components/company-info-card.tsx(412,15): error TS2322: Type 'Control<{ nome_fantasia: string; razao_social: string; cnpj: string; setor_economico: string; setor_empresa: string; municipio: string; apresentacao?: string | undefined; logo_url?: string | undefined; ... 7 more ...; video_apresentacao?: string | undefined; }, any, TFieldValues>' is not assignable to type 'Control<{ nome_fantasia: string; razao_social: string; cnpj: string; setor_economico: string; setor_empresa: string; municipio: string; apresentacao?: string | undefined; logo_url?: string | undefined; ... 7 more ...; video_apresentacao?: string | undefined; }, any, { ...; }>'.
  The types of '_options.resolver' are incompatible between these types.
    Type 'Resolver<{ nome_fantasia: string; razao_social: string; cnpj: string; setor_economico: string; setor_empresa: string; municipio: string; apresentacao?: string | undefined; logo_url?: string | undefined; ... 7 more ...; video_apresentacao?: string | undefined; }, any, TFieldValues> | undefined' is not assignable to type 'Resolver<{ nome_fantasia: string; razao_social: string; cnpj: string; setor_economico: string; setor_empresa: string; municipio: string; apresentacao?: string | undefined; logo_url?: string | undefined; ... 7 more ...; video_apresentacao?: string | undefined; }, any, { ...; }> | undefined'.
      Type 'Resolver<{ nome_fantasia: string; razao_social: string; cnpj: string; setor_economico: string; setor_empresa: string; municipio: string; apresentacao?: string | undefined; logo_url?: string | undefined; ... 7 more ...; video_apresentacao?: string | undefined; }, any, TFieldValues>' is not assignable to type 'Resolver<{ nome_fantasia: string; razao_social: string; cnpj: string; setor_economico: string; setor_empresa: string; municipio: string; apresentacao?: string | undefined; logo_url?: string | undefined; ... 7 more ...; video_apresentacao?: string | undefined; }, any, { ...; }>'.
        Type 'TFieldValues' is not assignable to type '{ nome_fantasia: string; razao_social: string; cnpj: string; setor_economico: string; setor_empresa: string; municipio: string; apresentacao?: string | undefined; logo_url?: string | undefined; ... 7 more ...; video_apresentacao?: string | undefined; }'.
          Type 'FieldValues' is missing the following properties from type '{ nome_fantasia: string; razao_social: string; cnpj: string; setor_economico: string; setor_empresa: string; municipio: string; apresentacao?: string | undefined; logo_url?: string | undefined; ... 7 more ...; video_apresentacao?: string | undefined; }': nome_fantasia, razao_social, cnpj, setor_economico, and 2 more.
components/company-info-card.tsx(429,15): error TS2322: Type 'Control<{ nome_fantasia: string; razao_social: string; cnpj: string; setor_economico: string; setor_empresa: string; municipio: string; apresentacao?: string | undefined; logo_url?: string | undefined; ... 7 more ...; video_apresentacao?: string | undefined; }, any, TFieldValues>' is not assignable to type 'Control<{ nome_fantasia: string; razao_social: string; cnpj: string; setor_economico: string; setor_empresa: string; municipio: string; apresentacao?: string | undefined; logo_url?: string | undefined; ... 7 more ...; video_apresentacao?: string | undefined; }, any, { ...; }>'.
  The types of '_options.resolver' are incompatible between these types.
    Type 'Resolver<{ nome_fantasia: string; razao_social: string; cnpj: string; setor_economico: string; setor_empresa: string; municipio: string; apresentacao?: string | undefined; logo_url?: string | undefined; ... 7 more ...; video_apresentacao?: string | undefined; }, any, TFieldValues> | undefined' is not assignable to type 'Resolver<{ nome_fantasia: string; razao_social: string; cnpj: string; setor_economico: string; setor_empresa: string; municipio: string; apresentacao?: string | undefined; logo_url?: string | undefined; ... 7 more ...; video_apresentacao?: string | undefined; }, any, { ...; }> | undefined'.
      Type 'Resolver<{ nome_fantasia: string; razao_social: string; cnpj: string; setor_economico: string; setor_empresa: string; municipio: string; apresentacao?: string | undefined; logo_url?: string | undefined; ... 7 more ...; video_apresentacao?: string | undefined; }, any, TFieldValues>' is not assignable to type 'Resolver<{ nome_fantasia: string; razao_social: string; cnpj: string; setor_economico: string; setor_empresa: string; municipio: string; apresentacao?: string | undefined; logo_url?: string | undefined; ... 7 more ...; video_apresentacao?: string | undefined; }, any, { ...; }>'.
        Type 'TFieldValues' is not assignable to type '{ nome_fantasia: string; razao_social: string; cnpj: string; setor_economico: string; setor_empresa: string; municipio: string; apresentacao?: string | undefined; logo_url?: string | undefined; ... 7 more ...; video_apresentacao?: string | undefined; }'.
          Type 'FieldValues' is missing the following properties from type '{ nome_fantasia: string; razao_social: string; cnpj: string; setor_economico: string; setor_empresa: string; municipio: string; apresentacao?: string | undefined; logo_url?: string | undefined; ... 7 more ...; video_apresentacao?: string | undefined; }': nome_fantasia, razao_social, cnpj, setor_economico, and 2 more.
components/company-info-card.tsx(446,15): error TS2322: Type 'Control<{ nome_fantasia: string; razao_social: string; cnpj: string; setor_economico: string; setor_empresa: string; municipio: string; apresentacao?: string | undefined; logo_url?: string | undefined; ... 7 more ...; video_apresentacao?: string | undefined; }, any, TFieldValues>' is not assignable to type 'Control<{ nome_fantasia: string; razao_social: string; cnpj: string; setor_economico: string; setor_empresa: string; municipio: string; apresentacao?: string | undefined; logo_url?: string | undefined; ... 7 more ...; video_apresentacao?: string | undefined; }, any, { ...; }>'.
  The types of '_options.resolver' are incompatible between these types.
    Type 'Resolver<{ nome_fantasia: string; razao_social: string; cnpj: string; setor_economico: string; setor_empresa: string; municipio: string; apresentacao?: string | undefined; logo_url?: string | undefined; ... 7 more ...; video_apresentacao?: string | undefined; }, any, TFieldValues> | undefined' is not assignable to type 'Resolver<{ nome_fantasia: string; razao_social: string; cnpj: string; setor_economico: string; setor_empresa: string; municipio: string; apresentacao?: string | undefined; logo_url?: string | undefined; ... 7 more ...; video_apresentacao?: string | undefined; }, any, { ...; }> | undefined'.
      Type 'Resolver<{ nome_fantasia: string; razao_social: string; cnpj: string; setor_economico: string; setor_empresa: string; municipio: string; apresentacao?: string | undefined; logo_url?: string | undefined; ... 7 more ...; video_apresentacao?: string | undefined; }, any, TFieldValues>' is not assignable to type 'Resolver<{ nome_fantasia: string; razao_social: string; cnpj: string; setor_economico: string; setor_empresa: string; municipio: string; apresentacao?: string | undefined; logo_url?: string | undefined; ... 7 more ...; video_apresentacao?: string | undefined; }, any, { ...; }>'.
        Type 'TFieldValues' is not assignable to type '{ nome_fantasia: string; razao_social: string; cnpj: string; setor_economico: string; setor_empresa: string; municipio: string; apresentacao?: string | undefined; logo_url?: string | undefined; ... 7 more ...; video_apresentacao?: string | undefined; }'.
          Type 'FieldValues' is missing the following properties from type '{ nome_fantasia: string; razao_social: string; cnpj: string; setor_economico: string; setor_empresa: string; municipio: string; apresentacao?: string | undefined; logo_url?: string | undefined; ... 7 more ...; video_apresentacao?: string | undefined; }': nome_fantasia, razao_social, cnpj, setor_economico, and 2 more.
components/company-info-card.tsx(463,15): error TS2322: Type 'Control<{ nome_fantasia: string; razao_social: string; cnpj: string; setor_economico: string; setor_empresa: string; municipio: string; apresentacao?: string | undefined; logo_url?: string | undefined; ... 7 more ...; video_apresentacao?: string | undefined; }, any, TFieldValues>' is not assignable to type 'Control<{ nome_fantasia: string; razao_social: string; cnpj: string; setor_economico: string; setor_empresa: string; municipio: string; apresentacao?: string | undefined; logo_url?: string | undefined; ... 7 more ...; video_apresentacao?: string | undefined; }, any, { ...; }>'.
  The types of '_options.resolver' are incompatible between these types.
    Type 'Resolver<{ nome_fantasia: string; razao_social: string; cnpj: string; setor_economico: string; setor_empresa: string; municipio: string; apresentacao?: string | undefined; logo_url?: string | undefined; ... 7 more ...; video_apresentacao?: string | undefined; }, any, TFieldValues> | undefined' is not assignable to type 'Resolver<{ nome_fantasia: string; razao_social: string; cnpj: string; setor_economico: string; setor_empresa: string; municipio: string; apresentacao?: string | undefined; logo_url?: string | undefined; ... 7 more ...; video_apresentacao?: string | undefined; }, any, { ...; }> | undefined'.
      Type 'Resolver<{ nome_fantasia: string; razao_social: string; cnpj: string; setor_economico: string; setor_empresa: string; municipio: string; apresentacao?: string | undefined; logo_url?: string | undefined; ... 7 more ...; video_apresentacao?: string | undefined; }, any, TFieldValues>' is not assignable to type 'Resolver<{ nome_fantasia: string; razao_social: string; cnpj: string; setor_economico: string; setor_empresa: string; municipio: string; apresentacao?: string | undefined; logo_url?: string | undefined; ... 7 more ...; video_apresentacao?: string | undefined; }, any, { ...; }>'.
        Type 'TFieldValues' is not assignable to type '{ nome_fantasia: string; razao_social: string; cnpj: string; setor_economico: string; setor_empresa: string; municipio: string; apresentacao?: string | undefined; logo_url?: string | undefined; ... 7 more ...; video_apresentacao?: string | undefined; }'.
          Type 'FieldValues' is missing the following properties from type '{ nome_fantasia: string; razao_social: string; cnpj: string; setor_economico: string; setor_empresa: string; municipio: string; apresentacao?: string | undefined; logo_url?: string | undefined; ... 7 more ...; video_apresentacao?: string | undefined; }': nome_fantasia, razao_social, cnpj, setor_economico, and 2 more.
components/company-info-card.tsx(480,15): error TS2322: Type 'Control<{ nome_fantasia: string; razao_social: string; cnpj: string; setor_economico: string; setor_empresa: string; municipio: string; apresentacao?: string | undefined; logo_url?: string | undefined; ... 7 more ...; video_apresentacao?: string | undefined; }, any, TFieldValues>' is not assignable to type 'Control<{ nome_fantasia: string; razao_social: string; cnpj: string; setor_economico: string; setor_empresa: string; municipio: string; apresentacao?: string | undefined; logo_url?: string | undefined; ... 7 more ...; video_apresentacao?: string | undefined; }, any, { ...; }>'.
  The types of '_options.resolver' are incompatible between these types.
    Type 'Resolver<{ nome_fantasia: string; razao_social: string; cnpj: string; setor_economico: string; setor_empresa: string; municipio: string; apresentacao?: string | undefined; logo_url?: string | undefined; ... 7 more ...; video_apresentacao?: string | undefined; }, any, TFieldValues> | undefined' is not assignable to type 'Resolver<{ nome_fantasia: string; razao_social: string; cnpj: string; setor_economico: string; setor_empresa: string; municipio: string; apresentacao?: string | undefined; logo_url?: string | undefined; ... 7 more ...; video_apresentacao?: string | undefined; }, any, { ...; }> | undefined'.
      Type 'Resolver<{ nome_fantasia: string; razao_social: string; cnpj: string; setor_economico: string; setor_empresa: string; municipio: string; apresentacao?: string | undefined; logo_url?: string | undefined; ... 7 more ...; video_apresentacao?: string | undefined; }, any, TFieldValues>' is not assignable to type 'Resolver<{ nome_fantasia: string; razao_social: string; cnpj: string; setor_economico: string; setor_empresa: string; municipio: string; apresentacao?: string | undefined; logo_url?: string | undefined; ... 7 more ...; video_apresentacao?: string | undefined; }, any, { ...; }>'.
        Type 'TFieldValues' is not assignable to type '{ nome_fantasia: string; razao_social: string; cnpj: string; setor_economico: string; setor_empresa: string; municipio: string; apresentacao?: string | undefined; logo_url?: string | undefined; ... 7 more ...; video_apresentacao?: string | undefined; }'.
          Type 'FieldValues' is missing the following properties from type '{ nome_fantasia: string; razao_social: string; cnpj: string; setor_economico: string; setor_empresa: string; municipio: string; apresentacao?: string | undefined; logo_url?: string | undefined; ... 7 more ...; video_apresentacao?: string | undefined; }': nome_fantasia, razao_social, cnpj, setor_economico, and 2 more.
components/company-info-card.tsx(497,15): error TS2322: Type 'Control<{ nome_fantasia: string; razao_social: string; cnpj: string; setor_economico: string; setor_empresa: string; municipio: string; apresentacao?: string | undefined; logo_url?: string | undefined; ... 7 more ...; video_apresentacao?: string | undefined; }, any, TFieldValues>' is not assignable to type 'Control<{ nome_fantasia: string; razao_social: string; cnpj: string; setor_economico: string; setor_empresa: string; municipio: string; apresentacao?: string | undefined; logo_url?: string | undefined; ... 7 more ...; video_apresentacao?: string | undefined; }, any, { ...; }>'.
  The types of '_options.resolver' are incompatible between these types.
    Type 'Resolver<{ nome_fantasia: string; razao_social: string; cnpj: string; setor_economico: string; setor_empresa: string; municipio: string; apresentacao?: string | undefined; logo_url?: string | undefined; ... 7 more ...; video_apresentacao?: string | undefined; }, any, TFieldValues> | undefined' is not assignable to type 'Resolver<{ nome_fantasia: string; razao_social: string; cnpj: string; setor_economico: string; setor_empresa: string; municipio: string; apresentacao?: string | undefined; logo_url?: string | undefined; ... 7 more ...; video_apresentacao?: string | undefined; }, any, { ...; }> | undefined'.
      Type 'Resolver<{ nome_fantasia: string; razao_social: string; cnpj: string; setor_economico: string; setor_empresa: string; municipio: string; apresentacao?: string | undefined; logo_url?: string | undefined; ... 7 more ...; video_apresentacao?: string | undefined; }, any, TFieldValues>' is not assignable to type 'Resolver<{ nome_fantasia: string; razao_social: string; cnpj: string; setor_economico: string; setor_empresa: string; municipio: string; apresentacao?: string | undefined; logo_url?: string | undefined; ... 7 more ...; video_apresentacao?: string | undefined; }, any, { ...; }>'.
        Type 'TFieldValues' is not assignable to type '{ nome_fantasia: string; razao_social: string; cnpj: string; setor_economico: string; setor_empresa: string; municipio: string; apresentacao?: string | undefined; logo_url?: string | undefined; ... 7 more ...; video_apresentacao?: string | undefined; }'.
          Type 'FieldValues' is missing the following properties from type '{ nome_fantasia: string; razao_social: string; cnpj: string; setor_economico: string; setor_empresa: string; municipio: string; apresentacao?: string | undefined; logo_url?: string | undefined; ... 7 more ...; video_apresentacao?: string | undefined; }': nome_fantasia, razao_social, cnpj, setor_economico, and 2 more.
components/company-info-card.tsx(514,15): error TS2322: Type 'Control<{ nome_fantasia: string; razao_social: string; cnpj: string; setor_economico: string; setor_empresa: string; municipio: string; apresentacao?: string | undefined; logo_url?: string | undefined; ... 7 more ...; video_apresentacao?: string | undefined; }, any, TFieldValues>' is not assignable to type 'Control<{ nome_fantasia: string; razao_social: string; cnpj: string; setor_economico: string; setor_empresa: string; municipio: string; apresentacao?: string | undefined; logo_url?: string | undefined; ... 7 more ...; video_apresentacao?: string | undefined; }, any, { ...; }>'.
  The types of '_options.resolver' are incompatible between these types.
    Type 'Resolver<{ nome_fantasia: string; razao_social: string; cnpj: string; setor_economico: string; setor_empresa: string; municipio: string; apresentacao?: string | undefined; logo_url?: string | undefined; ... 7 more ...; video_apresentacao?: string | undefined; }, any, TFieldValues> | undefined' is not assignable to type 'Resolver<{ nome_fantasia: string; razao_social: string; cnpj: string; setor_economico: string; setor_empresa: string; municipio: string; apresentacao?: string | undefined; logo_url?: string | undefined; ... 7 more ...; video_apresentacao?: string | undefined; }, any, { ...; }> | undefined'.
      Type 'Resolver<{ nome_fantasia: string; razao_social: string; cnpj: string; setor_economico: string; setor_empresa: string; municipio: string; apresentacao?: string | undefined; logo_url?: string | undefined; ... 7 more ...; video_apresentacao?: string | undefined; }, any, TFieldValues>' is not assignable to type 'Resolver<{ nome_fantasia: string; razao_social: string; cnpj: string; setor_economico: string; setor_empresa: string; municipio: string; apresentacao?: string | undefined; logo_url?: string | undefined; ... 7 more ...; video_apresentacao?: string | undefined; }, any, { ...; }>'.
        Type 'TFieldValues' is not assignable to type '{ nome_fantasia: string; razao_social: string; cnpj: string; setor_economico: string; setor_empresa: string; municipio: string; apresentacao?: string | undefined; logo_url?: string | undefined; ... 7 more ...; video_apresentacao?: string | undefined; }'.
          Type 'FieldValues' is missing the following properties from type '{ nome_fantasia: string; razao_social: string; cnpj: string; setor_economico: string; setor_empresa: string; municipio: string; apresentacao?: string | undefined; logo_url?: string | undefined; ... 7 more ...; video_apresentacao?: string | undefined; }': nome_fantasia, razao_social, cnpj, setor_economico, and 2 more.
components/company-info-card.tsx(531,15): error TS2322: Type 'Control<{ nome_fantasia: string; razao_social: string; cnpj: string; setor_economico: string; setor_empresa: string; municipio: string; apresentacao?: string | undefined; logo_url?: string | undefined; ... 7 more ...; video_apresentacao?: string | undefined; }, any, TFieldValues>' is not assignable to type 'Control<{ nome_fantasia: string; razao_social: string; cnpj: string; setor_economico: string; setor_empresa: string; municipio: string; apresentacao?: string | undefined; logo_url?: string | undefined; ... 7 more ...; video_apresentacao?: string | undefined; }, any, { ...; }>'.
  The types of '_options.resolver' are incompatible between these types.
    Type 'Resolver<{ nome_fantasia: string; razao_social: string; cnpj: string; setor_economico: string; setor_empresa: string; municipio: string; apresentacao?: string | undefined; logo_url?: string | undefined; ... 7 more ...; video_apresentacao?: string | undefined; }, any, TFieldValues> | undefined' is not assignable to type 'Resolver<{ nome_fantasia: string; razao_social: string; cnpj: string; setor_economico: string; setor_empresa: string; municipio: string; apresentacao?: string | undefined; logo_url?: string | undefined; ... 7 more ...; video_apresentacao?: string | undefined; }, any, { ...; }> | undefined'.
      Type 'Resolver<{ nome_fantasia: string; razao_social: string; cnpj: string; setor_economico: string; setor_empresa: string; municipio: string; apresentacao?: string | undefined; logo_url?: string | undefined; ... 7 more ...; video_apresentacao?: string | undefined; }, any, TFieldValues>' is not assignable to type 'Resolver<{ nome_fantasia: string; razao_social: string; cnpj: string; setor_economico: string; setor_empresa: string; municipio: string; apresentacao?: string | undefined; logo_url?: string | undefined; ... 7 more ...; video_apresentacao?: string | undefined; }, any, { ...; }>'.
        Type 'TFieldValues' is not assignable to type '{ nome_fantasia: string; razao_social: string; cnpj: string; setor_economico: string; setor_empresa: string; municipio: string; apresentacao?: string | undefined; logo_url?: string | undefined; ... 7 more ...; video_apresentacao?: string | undefined; }'.
          Type 'FieldValues' is missing the following properties from type '{ nome_fantasia: string; razao_social: string; cnpj: string; setor_economico: string; setor_empresa: string; municipio: string; apresentacao?: string | undefined; logo_url?: string | undefined; ... 7 more ...; video_apresentacao?: string | undefined; }': nome_fantasia, razao_social, cnpj, setor_economico, and 2 more.
components/company-info-card.tsx(532,15): error TS2322: Type '"status"' is not assignable to type '"apresentacao" | "logo_url" | "nome_fantasia" | "razao_social" | "cnpj" | "setor_economico" | "setor_empresa" | "municipio" | "endereco" | "descricao_produtos" | "instagram" | ... 4 more ... | "video_apresentacao"'.
components/EmpresaDashboardWrapper.tsx(2,10): error TS2614: Module '"../app/dashboard/EmpresaDashboard"' has no exported member 'EmpresaDashboard'. Did you mean to use 'import EmpresaDashboard from "../app/dashboard/EmpresaDashboard"' instead?
lib/database.ts(16,9): error TS2741: Property 'relacionadas' is missing in type '{ id: string; nome_fantasia: string; razao_social: string; cnpj: string; setor_economico: string; setor_empresa: string; segmento: string; tema_segmento: string; municipio: string; endereco: string; ... 13 more ...; arquivos: { ...; }[]; }' but required in type 'Empresa'.
lib/database.ts(64,9): error TS2741: Property 'relacionadas' is missing in type '{ id: string; nome_fantasia: string; razao_social: string; cnpj: string; setor_economico: string; setor_empresa: string; segmento: string; tema_segmento: string; municipio: string; endereco: string; ... 12 more ...; arquivos: never[]; }' but required in type 'Empresa'.
lib/database.ts(89,9): error TS2741: Property 'relacionadas' is missing in type '{ id: string; nome_fantasia: string; razao_social: string; cnpj: string; setor_economico: string; setor_empresa: string; segmento: string; tema_segmento: string; municipio: string; endereco: string; ... 12 more ...; arquivos: never[]; }' but required in type 'Empresa'.
lib/database.ts(117,12): error TS18047: 'mockEmpresasStore' is possibly 'null'.
